[localhost_3000/index.html]
[backblue.gif]
[fade.gif]
[index.html]
[localhost_3000/index.html]
[localhost_3000/introduction.html]
[localhost_3000/_next/static/css/7e0cef72d7a71f91.css]
[localhost_3000/_next/static/css/4069a921a674a7ba.css]
[localhost_3000/_next/static/css/89c65166306922ce.css]
[localhost_3000/logo/light.html]
[localhost_3000/logo/dark.html]
[localhost_3000/images/hero-light.html]
[localhost_3000/images/hero-dark.html]
[localhost_3000/sitemap.html]
[localhost_3000/api-reference/users/list.html]
[localhost_3000/guides/webhooks.html]
[localhost_3000/api-reference.d.delayed]
[localhost_3000/introduction.html]
[localhost_3000/logo/light.html]
[localhost_3000/logo/dark.html]
[localhost_3000/images/hero-light.html]
[localhost_3000/images/hero-dark.html]
[localhost_3000/_next/static/css/7e0cef72d7a71f91.css]
[localhost_3000/_next/static/media/ba9851c3c22cd980-s.woff2]
[localhost_3000/_next/static/media/21350d82a1f187e9-s.woff2]
[localhost_3000/quickstart.html]
[localhost_3000/_next/static/media/c5fe6dc8356a8c31-s.woff2]
[localhost_3000/_next/static/media/19cfc7226ec3afaa-s.woff2]
[localhost_3000/_next/static/media/df0a9ae256c0569c-s.woff2]
[localhost_3000/_next/static/media/8e9860b6e62d6359-s.woff2]
[localhost_3000/authentication.html]
[localhost_3000/_next/static/media/e4af272ccee01ff0-s.p.woff2]
[localhost_3000/_next/static/media/886030b0b59bc5a7-s.woff2]
[localhost_3000/_next/static/media/0aa834ed78bf6d07-s.woff2]
[localhost_3000/_next/static/media/67957d42bae0796d-s.woff2]
[localhost_3000/_next/static/media/f911b923c6adde36-s.woff2]
[localhost_3000/_next/static/media/939c4f875ee75fbb-s.woff2]
[localhost_3000/_next/static/media/bb3ef058b751a6ad-s.p.woff2]
[localhost_3000/_next/static/css/4069a921a674a7ba.css]
[localhost_3000/_next/static/css/89c65166306922ce.css]
[localhost_3000/sitemap.html]
[localhost_3000/api-reference/users/list.html]
[localhost_3000/api-reference/users/retrieve.html]
[localhost_3000/api-reference/users/update.html]
[localhost_3000/api-reference/users/delete.html]
[localhost_3000/guides/webhooks.html]
[localhost_3000/api-reference/payments/list.html]
[localhost_3000/quickstart.html]
[localhost_3000/authentication.html]
[localhost_3000/api-reference/payments/create.html]
[localhost_3000/api-reference/payments/retrieve.html]
[localhost_3000/guides/rate-limits.html]
[localhost_3000/api-reference/users/create.html]
[localhost_3000/guides/errors.html]
[localhost_3000/guides/sdks.html]
[localhost_3000/tab-Node.html]
[localhost_3000/api-reference/media/ba9851c3c22cd980-s.html]
[localhost_3000/api-reference/media/21350d82a1f187e9-s.html]
[localhost_3000/api-reference/media/c5fe6dc8356a8c31-s.html]
[localhost_3000/api-reference/media/19cfc7226ec3afaa-s.html]
[localhost_3000/api-reference/media/df0a9ae256c0569c-s.html]
[localhost_3000/api-reference/media/8e9860b6e62d6359-s.html]
[localhost_3000/api-reference/users/create.html]
[localhost_3000/api-reference/users/retrieve.html]
[localhost_3000/api-reference/users/update.html]
[localhost_3000/api-reference/users/delete.html]
[localhost_3000/api-reference/payments/list.html]
[localhost_3000/api-reference/payments/create.html]
[localhost_3000/api-reference/payments/retrieve.html]
[localhost_3000/guides/rate-limits.html]
[localhost_3000/guides/errors.html]
[localhost_3000/guides/sdks.html]
[localhost_3000/tab-Node.html]
[localhost_3000/api-reference/media/ba9851c3c22cd980-s.html]
[localhost_3000/api-reference/media/21350d82a1f187e9-s.html]
[localhost_3000/api-reference/media/c5fe6dc8356a8c31-s.html]
[localhost_3000/api-reference/media/19cfc7226ec3afaa-s.html]
[localhost_3000/api-reference/media/df0a9ae256c0569c-s.html]
[localhost_3000/api-reference/media/8e9860b6e62d6359-s.html]
[localhost_3000/api-reference/media/e4af272ccee01ff0-s.p.html]
[localhost_3000/api-reference/media/e4af272ccee01ff0-s.p.html]
[localhost_3000/api-reference/media/886030b0b59bc5a7-s.html]
[localhost_3000/api-reference/media/886030b0b59bc5a7-s.html]
[localhost_3000/api-reference/media/0aa834ed78bf6d07-s.html]
[localhost_3000/api-reference/media/0aa834ed78bf6d07-s.html]
[localhost_3000/api-reference/media/67957d42bae0796d-s.html]
[localhost_3000/api-reference/media/67957d42bae0796d-s.html]
[localhost_3000/api-reference/media/f911b923c6adde36-s.html]
[localhost_3000/api-reference/media/f911b923c6adde36-s.html]
[localhost_3000/api-reference/media/939c4f875ee75fbb-s.html]
[localhost_3000/api-reference/media/939c4f875ee75fbb-s.html]
[localhost_3000/api-reference/media/bb3ef058b751a6ad-s.p.html]
[localhost_3000/api-reference/media/bb3ef058b751a6ad-s.p.html]
